asset_ref,taxonomy,lon,lat,no_damage,slight,moderate,extreme,complete
a3,"Concrete",-122.57000,38.11300,9.01473E-01,5.22532E-02,3.40601E-02,9.19025E-03,3.02371E-03
a2,"Wood",-122.11400,38.11300,3.60592E-01,7.42793E-02,1.33726E-01,1.29875E-01,3.01527E-01
a5,"Steel",-122.00000,37.91000,8.17067E-01,1.12775E-01,4.49526E-02,1.88249E-02,6.38007E-03
a4,"Concrete",-122.00000,38.00000,1.18838E-01,1.01085E-01,2.17013E-01,2.16088E-01,3.46975E-01
a1,"Wood",-122.00000,38.11300,1.05716E-01,3.74914E-02,8.80140E-02,1.19292E-01,6.49486E-01
a7,"Steel",-121.88600,38.11300,6.98092E-01,1.76018E-01,7.82673E-02,3.48132E-02,1.28093E-02
