=== ===========
rlz structural 
=== ===========
0   3.22353E+07
=== ===========