asset_ref,taxonomy,lon,lat,no_damage,slight,moderate,extreme,complete
a1,"Wood",-122.00000,38.11300,9.77649E-01,2.83518E-03,4.66071E-03,4.16101E-03,1.06940E-02
